// Jest Snapshot v1, https://goo.gl/fbAQLP

exports[`blog plugin options schema throws Error in case of invalid feed type 1`] = `[ValidationError: "feedOptions.type" does not match any of the allowed types]`;

exports[`blog plugin options schema throws Error in case of invalid options 1`] = `[ValidationError: "postsPerPage" must be greater than or equal to 1]`;
