// Jest Snapshot v1, https://goo.gl/fbAQLP

exports[`error prints objects 1`] = `
[
  [
    "[31m[1m[ERROR][22m {\\"a\\":1}[39m",
  ],
  [
    "[31m[1m[ERROR][22m undefined[39m",
  ],
  [
    "[31m[1m[ERROR][22m 1,2,3[39m",
  ],
  [
    "[31m[1m[ERROR][22m Sat Nov 13 2021 00:00:00 GMT+0000 (Coordinated Universal Time)[39m",
  ],
]
`;

exports[`info prints objects 1`] = `
[
  [
    "[36m[1m[INFO][22m[39m {\\"a\\":1}",
  ],
  [
    "[36m[1m[INFO][22m[39m undefined",
  ],
  [
    "[36m[1m[INFO][22m[39m 1,2,3",
  ],
  [
    "[36m[1m[INFO][22m[39m Sat Nov 13 2021 00:00:00 GMT+0000 (Coordinated Universal Time)",
  ],
]
`;

exports[`success prints objects 1`] = `
[
  [
    "[32m[1m[SUCCESS][22m[39m {\\"a\\":1}",
  ],
  [
    "[32m[1m[SUCCESS][22m[39m undefined",
  ],
  [
    "[32m[1m[SUCCESS][22m[39m 1,2,3",
  ],
  [
    "[32m[1m[SUCCESS][22m[39m Sat Nov 13 2021 00:00:00 GMT+0000 (Coordinated Universal Time)",
  ],
]
`;

exports[`warn prints objects 1`] = `
[
  [
    "[33m[1m[WARNING][22m {\\"a\\":1}[39m",
  ],
  [
    "[33m[1m[WARNING][22m undefined[39m",
  ],
  [
    "[33m[1m[WARNING][22m 1,2,3[39m",
  ],
  [
    "[33m[1m[WARNING][22m Sat Nov 13 2021 00:00:00 GMT+0000 (Coordinated Universal Time)[39m",
  ],
]
`;
